[0;34m[INFO][0m Flexible NCCL æµ‹è¯•è„šæœ¬å¯åŠ¨
[0;34m[INFO][0m é¡¹ç›®è·¯å¾„: /home/lhy/Projects/sync_files/Mnemosyne/flexible-ccl
[0;34m[INFO][0m è¿è¡Œè°ƒè¯•æµ‹è¯• (4 ranks)...
Prepare to add 1 rank to 3 ranks (4 in total).
g2:3599974:3599974 [0] NCCL INFO Bootstrap : Using ens238f0:192.168.1.74<0>
g2:3599974:3599974 [0] NCCL INFO cudaDriverVersion 12020
g2:3599974:3599974 [0] NCCL INFO NCCL version 2.23.4+cuda11.7
g2:3599974:3599997 [0] NCCL INFO NET/Plugin: Could not find: libnccl-net.so. Using internal network plugin.
g2:3599974:3599997 [0] NCCL INFO NET/IB : No device found.
g2:3599974:3599997 [0] NCCL INFO NET/Socket : Using [0]ens238f0:192.168.1.74<0> [1]tailscale0:100.107.137.67<0>
g2:3599974:3599997 [0] NCCL INFO PROFILER/Plugin: Could not find: libnccl-profiler.so.
g2:3599974:3599997 [0] NCCL INFO Using network Socket
g2:3599974:3599999 [2] NCCL INFO Using network Socket
g2:3599974:3599998 [1] NCCL INFO Using network Socket
g2:3599974:3599997 [0] NCCL INFO ncclCommInitRank comm 0x55e436aaf250 rank 0 nranks 3 cudaDev 0 nvmlDev 0 busId 1000 commId 0x501ab43afe6ebac7 - Init START
g2:3599974:3599999 [2] NCCL INFO ncclCommInitRank comm 0x55e43e778af0 rank 2 nranks 3 cudaDev 2 nvmlDev 2 busId 41000 commId 0x501ab43afe6ebac7 - Init START
g2:3599974:3599998 [1] NCCL INFO ncclCommInitRank comm 0x55e43a916500 rank 1 nranks 3 cudaDev 1 nvmlDev 1 busId 22000 commId 0x501ab43afe6ebac7 - Init START
g2:3599974:3599997 [0] NCCL INFO Bootstrap timings total 0.001029 (create 0.000034, send 0.000174, recv 0.000421, ring 0.000275, delay 0.000001)
g2:3599974:3599999 [2] NCCL INFO Bootstrap timings total 0.000994 (create 0.000034, send 0.000157, recv 0.000299, ring 0.000066, delay 0.000000)
g2:3599974:3599998 [1] NCCL INFO Bootstrap timings total 0.000969 (create 0.000034, send 0.000152, recv 0.000523, ring 0.000063, delay 0.000000)
g2:3599974:3599997 [0] NCCL INFO NCCL_TOPO_DUMP_FILE set by environment to /var/run/nvidia-topologyd/virtualTopology.xml

g2:3599974:3599997 [0] graph/xml.cc:267 NCCL WARN Unable to open /var/run/nvidia-topologyd/virtualTopology.xml, not dumping topology.

g2:3599974:3599997 [0] graph/xml.cc:267 NCCL WARN Unable to open ./nvidia-topologyd/virtualTopology-ad87b33a24d340d0.xml, not dumping topology.
g2:3599974:3599998 [1] NCCL INFO === System : maxBw 24.0 totalBw 24.0 ===
g2:3599974:3599998 [1] NCCL INFO CPU/0-0 (1/2/-1)
g2:3599974:3599997 [0] NCCL INFO === System : maxBw 24.0 totalBw 24.0 ===
g2:3599974:3599998 [1] NCCL INFO + PCI[5000.0] - NIC/0-0
g2:3599974:3599997 [0] NCCL INFO CPU/0-0 (1/2/-1)
g2:3599974:3599998 [1] NCCL INFO + PCI[24.0] - GPU/0-1000 (0)
g2:3599974:3599997 [0] NCCL INFO + PCI[5000.0] - NIC/0-0
g2:3599974:3599998 [1] NCCL INFO + PCI[24.0] - GPU/0-22000 (1)
g2:3599974:3599997 [0] NCCL INFO + PCI[24.0] - GPU/0-1000 (0)
g2:3599974:3599998 [1] NCCL INFO + PCI[24.0] - GPU/0-41000 (2)
g2:3599974:3599997 [0] NCCL INFO + PCI[24.0] - GPU/0-22000 (1)
g2:3599974:3599998 [1] NCCL INFO + SYS[16.0] - CPU/0-1
g2:3599974:3599997 [0] NCCL INFO + PCI[24.0] - GPU/0-41000 (2)
g2:3599974:3599998 [1] NCCL INFO CPU/0-1 (1/2/-1)
g2:3599974:3599997 [0] NCCL INFO + SYS[16.0] - CPU/0-1
g2:3599974:3599998 [1] NCCL INFO + SYS[16.0] - CPU/0-0
g2:3599974:3599997 [0] NCCL INFO CPU/0-1 (1/2/-1)
g2:3599974:3599998 [1] NCCL INFO + PCI[3.0] - NIC/0-c2000
g2:3599974:3599998 [1] NCCL INFO ==========================================
g2:3599974:3599997 [0] NCCL INFO + SYS[16.0] - CPU/0-0
g2:3599974:3599997 [0] NCCL INFO + PCI[3.0] - NIC/0-c2000
g2:3599974:3599997 [0] NCCL INFO ==========================================
g2:3599974:3599998 [1] NCCL INFO GPU/0-1000 :GPU/0-1000 (0/5000.0/LOC) GPU/0-22000 (2/24.0/PHB) GPU/0-41000 (2/24.0/PHB) CPU/0-0 (1/24.0/PHB) CPU/0-1 (2/16.0/SYS) 
g2:3599974:3599997 [0] NCCL INFO GPU/0-1000 :GPU/0-1000 (0/5000.0/LOC) GPU/0-22000 (2/24.0/PHB) GPU/0-41000 (2/24.0/PHB) CPU/0-0 (1/24.0/PHB) CPU/0-1 (2/16.0/SYS) 
g2:3599974:3599998 [1] NCCL INFO GPU/0-22000 :GPU/0-1000 (2/24.0/PHB) GPU/0-22000 (0/5000.0/LOC) GPU/0-41000 (2/24.0/PHB) CPU/0-0 (1/24.0/PHB) CPU/0-1 (2/16.0/SYS) 
g2:3599974:3599997 [0] NCCL INFO GPU/0-22000 :GPU/0-1000 (2/24.0/PHB) GPU/0-22000 (0/5000.0/LOC) GPU/0-41000 (2/24.0/PHB) CPU/0-0 (1/24.0/PHB) CPU/0-1 (2/16.0/SYS) 
g2:3599974:3599998 [1] NCCL INFO GPU/0-41000 :GPU/0-1000 (2/24.0/PHB) GPU/0-22000 (2/24.0/PHB) GPU/0-41000 (0/5000.0/LOC) CPU/0-0 (1/24.0/PHB) CPU/0-1 (2/16.0/SYS) 
g2:3599974:3599997 [0] NCCL INFO GPU/0-41000 :GPU/0-1000 (2/24.0/PHB) GPU/0-22000 (2/24.0/PHB) GPU/0-41000 (0/5000.0/LOC) CPU/0-0 (1/24.0/PHB) CPU/0-1 (2/16.0/SYS) 
g2:3599974:3599999 [2] NCCL INFO === System : maxBw 24.0 totalBw 24.0 ===
g2:3599974:3599999 [2] NCCL INFO CPU/0-0 (1/2/-1)
g2:3599974:3599999 [2] NCCL INFO + PCI[5000.0] - NIC/0-0
g2:3599974:3599999 [2] NCCL INFO + PCI[24.0] - GPU/0-1000 (0)
g2:3599974:3599997 [0] NCCL INFO Setting affinity for GPU 0 to ffffffff,00000000,ffffffff
g2:3599974:3599999 [2] NCCL INFO + PCI[24.0] - GPU/0-22000 (1)
g2:3599974:3599998 [1] NCCL INFO Setting affinity for GPU 1 to ffffffff,00000000,ffffffff
g2:3599974:3599999 [2] NCCL INFO + PCI[24.0] - GPU/0-41000 (2)
g2:3599974:3599999 [2] NCCL INFO + SYS[16.0] - CPU/0-1
g2:3599974:3599999 [2] NCCL INFO CPU/0-1 (1/2/-1)
g2:3599974:3599999 [2] NCCL INFO + SYS[16.0] - CPU/0-0
g2:3599974:3599999 [2] NCCL INFO + PCI[3.0] - NIC/0-c2000
g2:3599974:3599999 [2] NCCL INFO ==========================================
g2:3599974:3599999 [2] NCCL INFO GPU/0-1000 :GPU/0-1000 (0/5000.0/LOC) GPU/0-22000 (2/24.0/PHB) GPU/0-41000 (2/24.0/PHB) CPU/0-0 (1/24.0/PHB) CPU/0-1 (2/16.0/SYS) 
g2:3599974:3599999 [2] NCCL INFO GPU/0-22000 :GPU/0-1000 (2/24.0/PHB) GPU/0-22000 (0/5000.0/LOC) GPU/0-41000 (2/24.0/PHB) CPU/0-0 (1/24.0/PHB) CPU/0-1 (2/16.0/SYS) 
g2:3599974:3599999 [2] NCCL INFO GPU/0-41000 :GPU/0-1000 (2/24.0/PHB) GPU/0-22000 (2/24.0/PHB) GPU/0-41000 (0/5000.0/LOC) CPU/0-0 (1/24.0/PHB) CPU/0-1 (2/16.0/SYS) 
g2:3599974:3599999 [2] NCCL INFO Setting affinity for GPU 2 to ffffffff,00000000,ffffffff
g2:3599974:3599998 [1] NCCL INFO Pattern 4, crossNic 0, nChannels 2, bw 12.000000/12.000000, type PHB/PIX, sameChannels 1
g2:3599974:3599997 [0] NCCL INFO Pattern 4, crossNic 0, nChannels 2, bw 12.000000/12.000000, type PHB/PIX, sameChannels 1
g2:3599974:3599998 [1] NCCL INFO  0 : GPU/0 GPU/1 GPU/2
g2:3599974:3599997 [0] NCCL INFO  0 : GPU/0 GPU/1 GPU/2
g2:3599974:3599998 [1] NCCL INFO  1 : GPU/0 GPU/1 GPU/2
g2:3599974:3599997 [0] NCCL INFO  1 : GPU/0 GPU/1 GPU/2
g2:3599974:3599999 [2] NCCL INFO Pattern 4, crossNic 0, nChannels 2, bw 12.000000/12.000000, type PHB/PIX, sameChannels 1
g2:3599974:3599999 [2] NCCL INFO  0 : GPU/0 GPU/1 GPU/2
g2:3599974:3599999 [2] NCCL INFO  1 : GPU/0 GPU/1 GPU/2
g2:3599974:3599997 [0] NCCL INFO Pattern 1, crossNic 0, nChannels 2, bw 12.000000/12.000000, type PHB/PIX, sameChannels 1
g2:3599974:3599998 [1] NCCL INFO Pattern 1, crossNic 0, nChannels 2, bw 12.000000/12.000000, type PHB/PIX, sameChannels 1
g2:3599974:3599997 [0] NCCL INFO  0 : GPU/0 GPU/1 GPU/2
g2:3599974:3599998 [1] NCCL INFO  0 : GPU/0 GPU/1 GPU/2
g2:3599974:3599997 [0] NCCL INFO  1 : GPU/0 GPU/1 GPU/2
g2:3599974:3599998 [1] NCCL INFO  1 : GPU/0 GPU/1 GPU/2
g2:3599974:3599999 [2] NCCL INFO Pattern 1, crossNic 0, nChannels 2, bw 12.000000/12.000000, type PHB/PIX, sameChannels 1
g2:3599974:3599999 [2] NCCL INFO  0 : GPU/0 GPU/1 GPU/2
g2:3599974:3599999 [2] NCCL INFO  1 : GPU/0 GPU/1 GPU/2
g2:3599974:3599998 [1] NCCL INFO comm 0x55e43a916500 rank 1 nRanks 3 nNodes 1 localRanks 3 localRank 1 MNNVL 0
g2:3599974:3599998 [1] NCCL INFO Tree 0 : 0 -> 1 -> 2/-1/-1
g2:3599974:3599997 [0] NCCL INFO comm 0x55e436aaf250 rank 0 nRanks 3 nNodes 1 localRanks 3 localRank 0 MNNVL 0
g2:3599974:3599998 [1] NCCL INFO Tree 2 : 0 -> 1 -> 2/-1/-1
g2:3599974:3599999 [2] NCCL INFO comm 0x55e43e778af0 rank 2 nRanks 3 nNodes 1 localRanks 3 localRank 2 MNNVL 0
g2:3599974:3599998 [1] NCCL INFO Tree 1 : 0 -> 1 -> 2/-1/-1
g2:3599974:3599998 [1] NCCL INFO Tree 3 : 0 -> 1 -> 2/-1/-1
g2:3599974:3599997 [0] NCCL INFO Tree 0 : -1 -> 0 -> 1/-1/-1
g2:3599974:3599997 [0] NCCL INFO Tree 2 : -1 -> 0 -> 1/-1/-1
g2:3599974:3599997 [0] NCCL INFO Tree 1 : -1 -> 0 -> 1/-1/-1
g2:3599974:3599997 [0] NCCL INFO Tree 3 : -1 -> 0 -> 1/-1/-1
g2:3599974:3599998 [1] NCCL INFO Ring 00 : 0 -> 1 -> 2
g2:3599974:3599999 [2] NCCL INFO Ring 00 : 1 -> 2 -> 0
g2:3599974:3599998 [1] NCCL INFO Ring 01 : 0 -> 1 -> 2
g2:3599974:3599998 [1] NCCL INFO Ring 02 : 0 -> 1 -> 2
g2:3599974:3599998 [1] NCCL INFO Ring 03 : 0 -> 1 -> 2
g2:3599974:3599998 [1] NCCL INFO Trees [0] 2/-1/-1->1->0 [1] 2/-1/-1->1->0 [2] 2/-1/-1->1->0 [3] 2/-1/-1->1->0
g2:3599974:3599997 [0] NCCL INFO Channel 00/04 : 0 1 2
g2:3599974:3599998 [1] NCCL INFO P2P Chunksize set to 131072
g2:3599974:3599997 [0] NCCL INFO Channel 01/04 : 0 1 2
g2:3599974:3599997 [0] NCCL INFO Channel 02/04 : 0 1 2
g2:3599974:3599999 [2] NCCL INFO Ring 01 : 1 -> 2 -> 0
g2:3599974:3599997 [0] NCCL INFO Channel 03/04 : 0 1 2
g2:3599974:3599999 [2] NCCL INFO Ring 02 : 1 -> 2 -> 0
g2:3599974:3599997 [0] NCCL INFO Ring 00 : 2 -> 0 -> 1
g2:3599974:3599999 [2] NCCL INFO Ring 03 : 1 -> 2 -> 0
g2:3599974:3599999 [2] NCCL INFO Trees [0] -1/-1/-1->2->1 [1] -1/-1/-1->2->1 [2] -1/-1/-1->2->1 [3] -1/-1/-1->2->1
g2:3599974:3599997 [0] NCCL INFO Ring 01 : 2 -> 0 -> 1
g2:3599974:3599999 [2] NCCL INFO P2P Chunksize set to 131072
g2:3599974:3599997 [0] NCCL INFO Ring 02 : 2 -> 0 -> 1
g2:3599974:3599997 [0] NCCL INFO Ring 03 : 2 -> 0 -> 1
g2:3599974:3599997 [0] NCCL INFO Trees [0] 1/-1/-1->0->-1 [1] 1/-1/-1->0->-1 [2] 1/-1/-1->0->-1 [3] 1/-1/-1->0->-1
g2:3599974:3599997 [0] NCCL INFO P2P Chunksize set to 131072
g2:3599974:3600020 [2] NCCL INFO [Proxy Service] Device 2 CPU core 75
g2:3599974:3600019 [1] NCCL INFO [Proxy Service] Device 1 CPU core 68
g2:3599974:3600022 [1] NCCL INFO [Proxy Service UDS] Device 1 CPU core 18
g2:3599974:3600021 [0] NCCL INFO [Proxy Service] Device 0 CPU core 88
g2:3599974:3600023 [2] NCCL INFO [Proxy Service UDS] Device 2 CPU core 66
g2:3599974:3600024 [0] NCCL INFO [Proxy Service UDS] Device 0 CPU core 31
g2:3599974:3599998 [1] NCCL INFO Channel 00 : 1[1] -> 2[2] via SHM/direct/direct
g2:3599974:3599999 [2] NCCL INFO Channel 00 : 2[2] -> 0[0] via SHM/direct/direct
g2:3599974:3599997 [0] NCCL INFO Channel 00 : 0[0] -> 1[1] via SHM/direct/direct
g2:3599974:3599998 [1] NCCL INFO Channel 01 : 1[1] -> 2[2] via SHM/direct/direct
g2:3599974:3599999 [2] NCCL INFO Channel 01 : 2[2] -> 0[0] via SHM/direct/direct
g2:3599974:3599997 [0] NCCL INFO Channel 01 : 0[0] -> 1[1] via SHM/direct/direct
g2:3599974:3599998 [1] NCCL INFO Channel 02 : 1[1] -> 2[2] via SHM/direct/direct
g2:3599974:3599999 [2] NCCL INFO Channel 02 : 2[2] -> 0[0] via SHM/direct/direct
g2:3599974:3599997 [0] NCCL INFO Channel 02 : 0[0] -> 1[1] via SHM/direct/direct
g2:3599974:3599998 [1] NCCL INFO Channel 03 : 1[1] -> 2[2] via SHM/direct/direct
g2:3599974:3599999 [2] NCCL INFO Channel 03 : 2[2] -> 0[0] via SHM/direct/direct
g2:3599974:3599997 [0] NCCL INFO Channel 03 : 0[0] -> 1[1] via SHM/direct/direct
g2:3599974:3599999 [2] NCCL INFO Connected all rings
g2:3599974:3599998 [1] NCCL INFO Connected all rings
g2:3599974:3599997 [0] NCCL INFO Connected all rings
g2:3599974:3599999 [2] NCCL INFO Channel 00 : 2[2] -> 1[1] via SHM/direct/direct
g2:3599974:3599999 [2] NCCL INFO Channel 01 : 2[2] -> 1[1] via SHM/direct/direct
g2:3599974:3599999 [2] NCCL INFO Channel 02 : 2[2] -> 1[1] via SHM/direct/direct
g2:3599974:3599999 [2] NCCL INFO Channel 03 : 2[2] -> 1[1] via SHM/direct/direct
g2:3599974:3599998 [1] NCCL INFO Channel 00 : 1[1] -> 0[0] via SHM/direct/direct
g2:3599974:3599998 [1] NCCL INFO Channel 01 : 1[1] -> 0[0] via SHM/direct/direct
g2:3599974:3599998 [1] NCCL INFO Channel 02 : 1[1] -> 0[0] via SHM/direct/direct
g2:3599974:3599998 [1] NCCL INFO Channel 03 : 1[1] -> 0[0] via SHM/direct/direct
g2:3599974:3599997 [0] NCCL INFO Connected all trees
g2:3599974:3599999 [2] NCCL INFO Connected all trees
g2:3599974:3599998 [1] NCCL INFO Connected all trees
g2:3599974:3600033 [0] NCCL INFO [Proxy Progress] Device 0 CPU core 26
g2:3599974:3600034 [1] NCCL INFO [Proxy Progress] Device 1 CPU core 5
g2:3599974:3600035 [2] NCCL INFO [Proxy Progress] Device 2 CPU core 10
g2:3599974:3599998 [1] NCCL INFO threadThresholds 8/8/64 | 24/8/64 | 512 | 512
g2:3599974:3599998 [1] NCCL INFO 4 coll channels, 4 collnet channels, 0 nvls channels, 4 p2p channels, 2 p2p channels per peer
g2:3599974:3599997 [0] NCCL INFO threadThresholds 8/8/64 | 24/8/64 | 512 | 512
g2:3599974:3599997 [0] NCCL INFO 4 coll channels, 4 collnet channels, 0 nvls channels, 4 p2p channels, 2 p2p channels per peer
g2:3599974:3599999 [2] NCCL INFO threadThresholds 8/8/64 | 24/8/64 | 512 | 512
g2:3599974:3599999 [2] NCCL INFO 4 coll channels, 4 collnet channels, 0 nvls channels, 4 p2p channels, 2 p2p channels per peer
g2:3599974:3599997 [0] NCCL INFO CC Off, Multi-GPU CC Off, workFifoBytes 1048576
g2:3599974:3599997 [0] NCCL INFO TUNER/Plugin: Could not find: libnccl-tuner.so libnccl-net.so. Using internal tuner plugin.
g2:3599974:3599997 [0] NCCL INFO ncclCommInitRank comm 0x55e436aaf250 rank 0 nranks 3 cudaDev 0 nvmlDev 0 busId 1000 commId 0x501ab43afe6ebac7 - Init COMPLETE
g2:3599974:3599997 [0] NCCL INFO Init timings - ncclCommInitRank: rank 0 nranks 3 total 0.29 (kernels 0.00, alloc 0.07, bootstrap 0.00, allgathers 0.00, topo 0.01, graphs 0.00, connections 0.20, rest 0.00)
g2:3599974:3599998 [1] NCCL INFO ncclCommInitRank comm 0x55e43a916500 rank 1 nranks 3 cudaDev 1 nvmlDev 1 busId 22000 commId 0x501ab43afe6ebac7 - Init COMPLETE
g2:3599974:3599999 [2] NCCL INFO ncclCommInitRank comm 0x55e43e778af0 rank 2 nranks 3 cudaDev 2 nvmlDev 2 busId 41000 commId 0x501ab43afe6ebac7 - Init COMPLETE
g2:3599974:3599998 [1] NCCL INFO Init timings - ncclCommInitRank: rank 1 nranks 3 total 0.29 (kernels 0.01, alloc 0.06, bootstrap 0.00, allgathers 0.00, topo 0.01, graphs 0.00, connections 0.20, rest 0.00)
g2:3599974:3599999 [2] NCCL INFO Init timings - ncclCommInitRank: rank 2 nranks 3 total 0.29 (kernels 0.01, alloc 0.06, bootstrap 0.00, allgathers 0.00, topo 0.01, graphs 0.00, connections 0.20, rest 0.00)
INIT TIME: 1010907 us (1010.907 ms)
MEM ALLOC TIME: 174678 us (174.678 ms)
FIRST COMMUNICATION TIME: 1763807 us (1763.807 ms)
ncclAllReduce Success, sum result of rank 0: 6.000000
ncclAllReduce Success, sum result of rank 1: 6.000000
ncclAllReduce Success, sum result of rank 2: 6.000000
g2:3599974:3599974 [3] NCCL INFO Using network Socket
g2:3599974:3599974 [3] NCCL INFO ncclCommInitNewRankFunc comm 0x55e442e76520 rank 3 nranks 4 cudaDev 3 nvmlDev 3 busId 61000 commId 0x501ab43afe6ebac7 - Init START

g2:3599974:3599974 [3] graph/xml.cc:375 NCCL WARN Could not open XML topology file ./nvidia-topologyd/virtualTopology-ad87b33a24d340d0.xml : No such file or directory
g2:3599974:3599974 [3] NCCL INFO NCCL_TOPO_DUMP_FILE set by environment to /var/run/nvidia-topologyd/virtualTopology.xml

g2:3599974:3599974 [3] graph/xml.cc:267 NCCL WARN Unable to open /var/run/nvidia-topologyd/virtualTopology.xml, not dumping topology.

g2:3599974:3599974 [3] graph/xml.cc:267 NCCL WARN Unable to open ./nvidia-topologyd/virtualTopology-ad87b33a24d340d0.xml, not dumping topology.
g2:3599974:3599974 [3] NCCL INFO === System : maxBw 24.0 totalBw 24.0 ===
g2:3599974:3599974 [3] NCCL INFO CPU/0-0 (1/2/-1)
g2:3599974:3599974 [3] NCCL INFO + PCI[24.0] - GPU/0-1000 (0)
g2:3599974:3599974 [3] NCCL INFO + PCI[24.0] - GPU/0-22000 (1)
g2:3599974:3599974 [3] NCCL INFO + PCI[24.0] - GPU/0-41000 (2)
g2:3599974:3599974 [3] NCCL INFO + PCI[24.0] - GPU/0-61000 (3)
g2:3599974:3599974 [3] NCCL INFO ==========================================
g2:3599974:3599974 [3] NCCL INFO GPU/0-1000 :GPU/0-1000 (0/5000.0/LOC) GPU/0-22000 (2/24.0/PHB) GPU/0-41000 (2/24.0/PHB) GPU/0-61000 (2/24.0/PHB) CPU/0-0 (1/24.0/PHB) 
g2:3599974:3599974 [3] NCCL INFO GPU/0-22000 :GPU/0-1000 (2/24.0/PHB) GPU/0-22000 (0/5000.0/LOC) GPU/0-41000 (2/24.0/PHB) GPU/0-61000 (2/24.0/PHB) CPU/0-0 (1/24.0/PHB) 
g2:3599974:3599974 [3] NCCL INFO GPU/0-41000 :GPU/0-1000 (2/24.0/PHB) GPU/0-22000 (2/24.0/PHB) GPU/0-41000 (0/5000.0/LOC) GPU/0-61000 (2/24.0/PHB) CPU/0-0 (1/24.0/PHB) 
g2:3599974:3599974 [3] NCCL INFO GPU/0-61000 :GPU/0-1000 (2/24.0/PHB) GPU/0-22000 (2/24.0/PHB) GPU/0-41000 (2/24.0/PHB) GPU/0-61000 (0/5000.0/LOC) CPU/0-0 (1/24.0/PHB) 
g2:3599974:3599974 [3] NCCL INFO Setting affinity for GPU 3 to ffffffff,00000000,ffffffff
g2:3599974:3599974 [3] NCCL INFO Pattern 4, crossNic 0, nChannels 2, bw 12.000000/12.000000, type PHB/PIX, sameChannels 1
g2:3599974:3599974 [3] NCCL INFO  0 : GPU/0 GPU/1 GPU/2 GPU/3
g2:3599974:3599974 [3] NCCL INFO  1 : GPU/0 GPU/1 GPU/2 GPU/3
g2:3599974:3599974 [3] NCCL INFO Pattern 1, crossNic 0, nChannels 2, bw 12.000000/12.000000, type PHB/PIX, sameChannels 1
g2:3599974:3599974 [3] NCCL INFO  0 : GPU/0 GPU/1 GPU/2 GPU/3
g2:3599974:3599974 [3] NCCL INFO  1 : GPU/0 GPU/1 GPU/2 GPU/3
g2:3599974:3599974 [3] NCCL INFO comm 0x55e442e76520 rank 3 nRanks 4 nNodes 1 localRanks 4 localRank 3 MNNVL 0
RANK: 3, Nranks: 4
g2:3599974:3599974 [3] NCCL INFO Ring 00 : 2 -> 3 -> 0
g2:3599974:3599974 [3] NCCL INFO Ring 01 : 2 -> 3 -> 0
g2:3599974:3599974 [3] NCCL INFO Ring 02 : 2 -> 3 -> 0
g2:3599974:3599974 [3] NCCL INFO Ring 03 : 2 -> 3 -> 0
g2:3599974:3599974 [3] NCCL INFO Trees [0] -1/-1/-1->3->2 [1] -1/-1/-1->3->2 [2] -1/-1/-1->3->2 [3] -1/-1/-1->3->2
g2:3599974:3599974 [3] NCCL INFO P2P Chunksize set to 131072
g2:3599974:3600082 [3] NCCL INFO [Proxy Service] Device 3 CPU core 85
g2:3599974:3600083 [3] NCCL INFO [Proxy Service UDS] Device 3 CPU core 30
g2:3599974:3600089 [2] NCCL INFO Channel 00 : 2[2] -> 3[3] via SHM/direct/direct
g2:3599974:3600089 [2] NCCL INFO Channel 01 : 2[2] -> 3[3] via SHM/direct/direct
g2:3599974:3600089 [2] NCCL INFO Channel 02 : 2[2] -> 3[3] via SHM/direct/direct
g2:3599974:3600089 [2] NCCL INFO Channel 03 : 2[2] -> 3[3] via SHM/direct/direct
g2:3599974:3600090 [3] NCCL INFO Channel 00 : 3[3] -> 0[0] via SHM/direct/direct
g2:3599974:3600090 [3] NCCL INFO Channel 01 : 3[3] -> 0[0] via SHM/direct/direct
g2:3599974:3600090 [3] NCCL INFO Channel 02 : 3[3] -> 0[0] via SHM/direct/direct
g2:3599974:3600090 [3] NCCL INFO Channel 03 : 3[3] -> 0[0] via SHM/direct/direct
ADD TIME: 150962 us (150.962 ms)

g2:3599974:3599974 [3] enqueue.cc:1849 NCCL WARN Warn : no algorithm/protocol available
POST-EXPANSION COMMUNICATION TIME: 9166 us (9.166 ms)
ncclAllReduce Success, sum result of rank 0: 10.000000
ncclAllReduce Success, sum result of rank 1: 10.000000
ncclAllReduce Success, sum result of rank 2: 10.000000
ncclAllReduce Success, sum result of rank 3: 10.000000
Success 
[0;32m[SUCCESS][0m è„šæœ¬æ‰§è¡Œå®Œæˆ
