[0;34m[INFO][0m Flexible NCCL æµ‹è¯•è„šæœ¬å¯åŠ¨
[0;34m[INFO][0m é¡¹ç›®è·¯å¾„: /home/lhy/Projects/sync_files/Mnemosyne/flexible-ccl
[0;34m[INFO][0m è¿è¡Œè°ƒè¯•æµ‹è¯• (8 ranks)...
Prepare to add 1 rank to 7 ranks (8 in total).
g2:3470190:3470190 [0] NCCL INFO cudaDriverVersion 12020
g2:3470190:3470190 [0] NCCL INFO NCCL version 2.23.4+cuda11.7
g2:3470190:3470304 [0] NCCL INFO NET/Plugin: Could not find: libnccl-net.so. Using internal network plugin.
g2:3470190:3470304 [0] NCCL INFO NET/IB : No device found.
g2:3470190:3470304 [0] NCCL INFO NET/Socket : Using [0]ens238f0:192.168.1.74<0> [1]tailscale0:100.107.137.67<0>
g2:3470190:3470304 [0] NCCL INFO Using network Socket
g2:3470190:3470310 [6] NCCL INFO Using network Socket
g2:3470190:3470305 [1] NCCL INFO Using network Socket
g2:3470190:3470308 [4] NCCL INFO Using network Socket
g2:3470190:3470309 [5] NCCL INFO Using network Socket
g2:3470190:3470307 [3] NCCL INFO Using network Socket
g2:3470190:3470306 [2] NCCL INFO Using network Socket
g2:3470190:3470304 [0] NCCL INFO ncclCommInitRank comm 0x55bb50a6bcb0 rank 0 nranks 7 cudaDev 0 nvmlDev 0 busId 1000 commId 0xa00ac3bc1cfe39ad - Init START
g2:3470190:3470306 [2] NCCL INFO ncclCommInitRank comm 0x55bb5757d000 rank 2 nranks 7 cudaDev 2 nvmlDev 2 busId 41000 commId 0xa00ac3bc1cfe39ad - Init START
g2:3470190:3470308 [4] NCCL INFO ncclCommInitRank comm 0x55bb5e097a70 rank 4 nranks 7 cudaDev 4 nvmlDev 4 busId 81000 commId 0xa00ac3bc1cfe39ad - Init START
g2:3470190:3470310 [6] NCCL INFO ncclCommInitRank comm 0x55bb64b9e330 rank 6 nranks 7 cudaDev 6 nvmlDev 6 busId c1000 commId 0xa00ac3bc1cfe39ad - Init START
g2:3470190:3470305 [1] NCCL INFO ncclCommInitRank comm 0x55bb53ff9840 rank 1 nranks 7 cudaDev 1 nvmlDev 1 busId 22000 commId 0xa00ac3bc1cfe39ad - Init START
g2:3470190:3470309 [5] NCCL INFO ncclCommInitRank comm 0x55bb6161ae50 rank 5 nranks 7 cudaDev 5 nvmlDev 5 busId a1000 commId 0xa00ac3bc1cfe39ad - Init START
g2:3470190:3470307 [3] NCCL INFO ncclCommInitRank comm 0x55bb5ab144e0 rank 3 nranks 7 cudaDev 3 nvmlDev 3 busId 61000 commId 0xa00ac3bc1cfe39ad - Init START

g2:3470190:3470304 [0] graph/xml.cc:267 NCCL WARN Unable to open /var/run/nvidia-topologyd/virtualTopology.xml, not dumping topology.

g2:3470190:3470304 [0] graph/xml.cc:267 NCCL WARN Unable to open ./nvidia-topologyd/virtualTopology-8afbf9216a995f20.xml, not dumping topology.
g2:3470190:3470307 [3] NCCL INFO === System : maxBw 24.0 totalBw 24.0 ===
g2:3470190:3470307 [3] NCCL INFO CPU/0-0 (1/2/-1)
g2:3470190:3470307 [3] NCCL INFO + PCI[5000.0] - NIC/0-0
g2:3470190:3470307 [3] NCCL INFO + PCI[24.0] - GPU/0-1000 (0)
g2:3470190:3470307 [3] NCCL INFO + PCI[24.0] - GPU/0-22000 (1)
g2:3470190:3470307 [3] NCCL INFO + PCI[24.0] - GPU/0-41000 (2)
g2:3470190:3470307 [3] NCCL INFO + PCI[24.0] - GPU/0-61000 (3)
g2:3470190:3470307 [3] NCCL INFO + SYS[16.0] - CPU/0-1
g2:3470190:3470307 [3] NCCL INFO CPU/0-1 (1/2/-1)
g2:3470190:3470307 [3] NCCL INFO + PCI[24.0] - GPU/0-81000 (4)
g2:3470190:3470307 [3] NCCL INFO + PCI[24.0] - GPU/0-a1000 (5)
g2:3470190:3470307 [3] NCCL INFO + PCI[24.0] - GPU/0-c1000 (6)
g2:3470190:3470307 [3] NCCL INFO + SYS[16.0] - CPU/0-0
g2:3470190:3470307 [3] NCCL INFO + PCI[3.0] - NIC/0-c2000
g2:3470190:3470307 [3] NCCL INFO ==========================================
g2:3470190:3470307 [3] NCCL INFO GPU/0-1000 :GPU/0-1000 (0/5000.0/LOC) GPU/0-22000 (2/24.0/PHB) GPU/0-41000 (2/24.0/PHB) GPU/0-61000 (2/24.0/PHB) GPU/0-81000 (3/16.0/SYS) GPU/0-a1000 (3/16.0/SYS) GPU/0-c1000 (3/16.0/SYS) CPU/0-0 (1/24.0/PHB) CPU/0-1 (2/16.0/SYS) 
g2:3470190:3470307 [3] NCCL INFO GPU/0-22000 :GPU/0-1000 (2/24.0/PHB) GPU/0-22000 (0/5000.0/LOC) GPU/0-41000 (2/24.0/PHB) GPU/0-61000 (2/24.0/PHB) GPU/0-81000 (3/16.0/SYS) GPU/0-a1000 (3/16.0/SYS) GPU/0-c1000 (3/16.0/SYS) CPU/0-0 (1/24.0/PHB) CPU/0-1 (2/16.0/SYS) 
g2:3470190:3470307 [3] NCCL INFO GPU/0-41000 :GPU/0-1000 (2/24.0/PHB) GPU/0-22000 (2/24.0/PHB) GPU/0-41000 (0/5000.0/LOC) GPU/0-61000 (2/24.0/PHB) GPU/0-81000 (3/16.0/SYS) GPU/0-a1000 (3/16.0/SYS) GPU/0-c1000 (3/16.0/SYS) CPU/0-0 (1/24.0/PHB) CPU/0-1 (2/16.0/SYS) 
g2:3470190:3470307 [3] NCCL INFO GPU/0-61000 :GPU/0-1000 (2/24.0/PHB) GPU/0-22000 (2/24.0/PHB) GPU/0-41000 (2/24.0/PHB) GPU/0-61000 (0/5000.0/LOC) GPU/0-81000 (3/16.0/SYS) GPU/0-a1000 (3/16.0/SYS) GPU/0-c1000 (3/16.0/SYS) CPU/0-0 (1/24.0/PHB) CPU/0-1 (2/16.0/SYS) 
g2:3470190:3470308 [4] NCCL INFO === System : maxBw 24.0 totalBw 24.0 ===
g2:3470190:3470307 [3] NCCL INFO GPU/0-81000 :GPU/0-1000 (3/16.0/SYS) GPU/0-22000 (3/16.0/SYS) GPU/0-41000 (3/16.0/SYS) GPU/0-61000 (3/16.0/SYS) GPU/0-81000 (0/5000.0/LOC) GPU/0-a1000 (2/24.0/PHB) GPU/0-c1000 (2/24.0/PHB) CPU/0-0 (2/16.0/SYS) CPU/0-1 (1/24.0/PHB) 
g2:3470190:3470308 [4] NCCL INFO CPU/0-0 (1/2/-1)
g2:3470190:3470307 [3] NCCL INFO GPU/0-a1000 :GPU/0-1000 (3/16.0/SYS) GPU/0-22000 (3/16.0/SYS) GPU/0-41000 (3/16.0/SYS) GPU/0-61000 (3/16.0/SYS) GPU/0-81000 (2/24.0/PHB) GPU/0-a1000 (0/5000.0/LOC) GPU/0-c1000 (2/24.0/PHB) CPU/0-0 (2/16.0/SYS) CPU/0-1 (1/24.0/PHB) 
g2:3470190:3470308 [4] NCCL INFO + PCI[5000.0] - NIC/0-0
g2:3470190:3470308 [4] NCCL INFO + PCI[24.0] - GPU/0-1000 (0)
g2:3470190:3470308 [4] NCCL INFO + PCI[24.0] - GPU/0-22000 (1)
g2:3470190:3470307 [3] NCCL INFO GPU/0-c1000 :GPU/0-1000 (3/16.0/SYS) GPU/0-22000 (3/16.0/SYS) GPU/0-41000 (3/16.0/SYS) GPU/0-61000 (3/16.0/SYS) GPU/0-81000 (2/24.0/PHB) GPU/0-a1000 (2/24.0/PHB) GPU/0-c1000 (0/5000.0/LOC) CPU/0-0 (2/16.0/SYS) CPU/0-1 (1/24.0/PHB) 
g2:3470190:3470308 [4] NCCL INFO + PCI[24.0] - GPU/0-41000 (2)
g2:3470190:3470308 [4] NCCL INFO + PCI[24.0] - GPU/0-61000 (3)
g2:3470190:3470308 [4] NCCL INFO + SYS[16.0] - CPU/0-1
g2:3470190:3470308 [4] NCCL INFO CPU/0-1 (1/2/-1)
g2:3470190:3470308 [4] NCCL INFO + PCI[24.0] - GPU/0-81000 (4)
g2:3470190:3470308 [4] NCCL INFO + PCI[24.0] - GPU/0-a1000 (5)
g2:3470190:3470307 [3] NCCL INFO Setting affinity for GPU 3 to ffffffff,00000000,ffffffff
g2:3470190:3470308 [4] NCCL INFO + PCI[24.0] - GPU/0-c1000 (6)
g2:3470190:3470308 [4] NCCL INFO + SYS[16.0] - CPU/0-0
g2:3470190:3470308 [4] NCCL INFO + PCI[3.0] - NIC/0-c2000
g2:3470190:3470308 [4] NCCL INFO ==========================================
g2:3470190:3470308 [4] NCCL INFO GPU/0-1000 :GPU/0-1000 (0/5000.0/LOC) GPU/0-22000 (2/24.0/PHB) GPU/0-41000 (2/24.0/PHB) GPU/0-61000 (2/24.0/PHB) GPU/0-81000 (3/16.0/SYS) GPU/0-a1000 (3/16.0/SYS) GPU/0-c1000 (3/16.0/SYS) CPU/0-0 (1/24.0/PHB) CPU/0-1 (2/16.0/SYS) 
g2:3470190:3470308 [4] NCCL INFO GPU/0-22000 :GPU/0-1000 (2/24.0/PHB) GPU/0-22000 (0/5000.0/LOC) GPU/0-41000 (2/24.0/PHB) GPU/0-61000 (2/24.0/PHB) GPU/0-81000 (3/16.0/SYS) GPU/0-a1000 (3/16.0/SYS) GPU/0-c1000 (3/16.0/SYS) CPU/0-0 (1/24.0/PHB) CPU/0-1 (2/16.0/SYS) 
g2:3470190:3470308 [4] NCCL INFO GPU/0-41000 :GPU/0-1000 (2/24.0/PHB) GPU/0-22000 (2/24.0/PHB) GPU/0-41000 (0/5000.0/LOC) GPU/0-61000 (2/24.0/PHB) GPU/0-81000 (3/16.0/SYS) GPU/0-a1000 (3/16.0/SYS) GPU/0-c1000 (3/16.0/SYS) CPU/0-0 (1/24.0/PHB) CPU/0-1 (2/16.0/SYS) 
g2:3470190:3470308 [4] NCCL INFO GPU/0-61000 :GPU/0-1000 (2/24.0/PHB) GPU/0-22000 (2/24.0/PHB) GPU/0-41000 (2/24.0/PHB) GPU/0-61000 (0/5000.0/LOC) GPU/0-81000 (3/16.0/SYS) GPU/0-a1000 (3/16.0/SYS) GPU/0-c1000 (3/16.0/SYS) CPU/0-0 (1/24.0/PHB) CPU/0-1 (2/16.0/SYS) 
g2:3470190:3470308 [4] NCCL INFO GPU/0-81000 :GPU/0-1000 (3/16.0/SYS) GPU/0-22000 (3/16.0/SYS) GPU/0-41000 (3/16.0/SYS) GPU/0-61000 (3/16.0/SYS) GPU/0-81000 (0/5000.0/LOC) GPU/0-a1000 (2/24.0/PHB) GPU/0-c1000 (2/24.0/PHB) CPU/0-0 (2/16.0/SYS) CPU/0-1 (1/24.0/PHB) 
g2:3470190:3470308 [4] NCCL INFO GPU/0-a1000 :GPU/0-1000 (3/16.0/SYS) GPU/0-22000 (3/16.0/SYS) GPU/0-41000 (3/16.0/SYS) GPU/0-61000 (3/16.0/SYS) GPU/0-81000 (2/24.0/PHB) GPU/0-a1000 (0/5000.0/LOC) GPU/0-c1000 (2/24.0/PHB) CPU/0-0 (2/16.0/SYS) CPU/0-1 (1/24.0/PHB) 
g2:3470190:3470308 [4] NCCL INFO GPU/0-c1000 :GPU/0-1000 (3/16.0/SYS) GPU/0-22000 (3/16.0/SYS) GPU/0-41000 (3/16.0/SYS) GPU/0-61000 (3/16.0/SYS) GPU/0-81000 (2/24.0/PHB) GPU/0-a1000 (2/24.0/PHB) GPU/0-c1000 (0/5000.0/LOC) CPU/0-0 (2/16.0/SYS) CPU/0-1 (1/24.0/PHB) 
g2:3470190:3470308 [4] NCCL INFO Setting affinity for GPU 4 to ffffffff,00000000,ffffffff,00000000
g2:3470190:3470305 [1] NCCL INFO === System : maxBw 24.0 totalBw 24.0 ===
g2:3470190:3470305 [1] NCCL INFO CPU/0-0 (1/2/-1)
g2:3470190:3470305 [1] NCCL INFO + PCI[5000.0] - NIC/0-0
g2:3470190:3470305 [1] NCCL INFO + PCI[24.0] - GPU/0-1000 (0)
g2:3470190:3470305 [1] NCCL INFO + PCI[24.0] - GPU/0-22000 (1)
g2:3470190:3470305 [1] NCCL INFO + PCI[24.0] - GPU/0-41000 (2)
g2:3470190:3470305 [1] NCCL INFO + PCI[24.0] - GPU/0-61000 (3)
g2:3470190:3470305 [1] NCCL INFO + SYS[16.0] - CPU/0-1
g2:3470190:3470305 [1] NCCL INFO CPU/0-1 (1/2/-1)
g2:3470190:3470305 [1] NCCL INFO + PCI[24.0] - GPU/0-81000 (4)
g2:3470190:3470305 [1] NCCL INFO + PCI[24.0] - GPU/0-a1000 (5)
g2:3470190:3470305 [1] NCCL INFO + PCI[24.0] - GPU/0-c1000 (6)
g2:3470190:3470305 [1] NCCL INFO + SYS[16.0] - CPU/0-0
g2:3470190:3470305 [1] NCCL INFO + PCI[3.0] - NIC/0-c2000
g2:3470190:3470305 [1] NCCL INFO ==========================================
g2:3470190:3470305 [1] NCCL INFO GPU/0-1000 :GPU/0-1000 (0/5000.0/LOC) GPU/0-22000 (2/24.0/PHB) GPU/0-41000 (2/24.0/PHB) GPU/0-61000 (2/24.0/PHB) GPU/0-81000 (3/16.0/SYS) GPU/0-a1000 (3/16.0/SYS) GPU/0-c1000 (3/16.0/SYS) CPU/0-0 (1/24.0/PHB) CPU/0-1 (2/16.0/SYS) 
g2:3470190:3470305 [1] NCCL INFO GPU/0-22000 :GPU/0-1000 (2/24.0/PHB) GPU/0-22000 (0/5000.0/LOC) GPU/0-41000 (2/24.0/PHB) GPU/0-61000 (2/24.0/PHB) GPU/0-81000 (3/16.0/SYS) GPU/0-a1000 (3/16.0/SYS) GPU/0-c1000 (3/16.0/SYS) CPU/0-0 (1/24.0/PHB) CPU/0-1 (2/16.0/SYS) 
g2:3470190:3470305 [1] NCCL INFO GPU/0-41000 :GPU/0-1000 (2/24.0/PHB) GPU/0-22000 (2/24.0/PHB) GPU/0-41000 (0/5000.0/LOC) GPU/0-61000 (2/24.0/PHB) GPU/0-81000 (3/16.0/SYS) GPU/0-a1000 (3/16.0/SYS) GPU/0-c1000 (3/16.0/SYS) CPU/0-0 (1/24.0/PHB) CPU/0-1 (2/16.0/SYS) 
g2:3470190:3470310 [6] NCCL INFO === System : maxBw 24.0 totalBw 24.0 ===
g2:3470190:3470305 [1] NCCL INFO GPU/0-61000 :GPU/0-1000 (2/24.0/PHB) GPU/0-22000 (2/24.0/PHB) GPU/0-41000 (2/24.0/PHB) GPU/0-61000 (0/5000.0/LOC) GPU/0-81000 (3/16.0/SYS) GPU/0-a1000 (3/16.0/SYS) GPU/0-c1000 (3/16.0/SYS) CPU/0-0 (1/24.0/PHB) CPU/0-1 (2/16.0/SYS) 
g2:3470190:3470310 [6] NCCL INFO CPU/0-0 (1/2/-1)
g2:3470190:3470310 [6] NCCL INFO + PCI[5000.0] - NIC/0-0
g2:3470190:3470310 [6] NCCL INFO + PCI[24.0] - GPU/0-1000 (0)
g2:3470190:3470310 [6] NCCL INFO + PCI[24.0] - GPU/0-22000 (1)
g2:3470190:3470310 [6] NCCL INFO + PCI[24.0] - GPU/0-41000 (2)
g2:3470190:3470305 [1] NCCL INFO GPU/0-81000 :GPU/0-1000 (3/16.0/SYS) GPU/0-22000 (3/16.0/SYS) GPU/0-41000 (3/16.0/SYS) GPU/0-61000 (3/16.0/SYS) GPU/0-81000 (0/5000.0/LOC) GPU/0-a1000 (2/24.0/PHB) GPU/0-c1000 (2/24.0/PHB) CPU/0-0 (2/16.0/SYS) CPU/0-1 (1/24.0/PHB) 
g2:3470190:3470310 [6] NCCL INFO + PCI[24.0] - GPU/0-61000 (3)
g2:3470190:3470310 [6] NCCL INFO + SYS[16.0] - CPU/0-1
g2:3470190:3470310 [6] NCCL INFO CPU/0-1 (1/2/-1)
g2:3470190:3470310 [6] NCCL INFO + PCI[24.0] - GPU/0-81000 (4)
g2:3470190:3470310 [6] NCCL INFO + PCI[24.0] - GPU/0-a1000 (5)
g2:3470190:3470305 [1] NCCL INFO GPU/0-a1000 :GPU/0-1000 (3/16.0/SYS) GPU/0-22000 (3/16.0/SYS) GPU/0-41000 (3/16.0/SYS) GPU/0-61000 (3/16.0/SYS) GPU/0-81000 (2/24.0/PHB) GPU/0-a1000 (0/5000.0/LOC) GPU/0-c1000 (2/24.0/PHB) CPU/0-0 (2/16.0/SYS) CPU/0-1 (1/24.0/PHB) 
g2:3470190:3470310 [6] NCCL INFO + PCI[24.0] - GPU/0-c1000 (6)
g2:3470190:3470310 [6] NCCL INFO + SYS[16.0] - CPU/0-0
g2:3470190:3470310 [6] NCCL INFO + PCI[3.0] - NIC/0-c2000
g2:3470190:3470310 [6] NCCL INFO ==========================================
g2:3470190:3470305 [1] NCCL INFO GPU/0-c1000 :GPU/0-1000 (3/16.0/SYS) GPU/0-22000 (3/16.0/SYS) GPU/0-41000 (3/16.0/SYS) GPU/0-61000 (3/16.0/SYS) GPU/0-81000 (2/24.0/PHB) GPU/0-a1000 (2/24.0/PHB) GPU/0-c1000 (0/5000.0/LOC) CPU/0-0 (2/16.0/SYS) CPU/0-1 (1/24.0/PHB) 
g2:3470190:3470310 [6] NCCL INFO GPU/0-1000 :GPU/0-1000 (0/5000.0/LOC) GPU/0-22000 (2/24.0/PHB) GPU/0-41000 (2/24.0/PHB) GPU/0-61000 (2/24.0/PHB) GPU/0-81000 (3/16.0/SYS) GPU/0-a1000 (3/16.0/SYS) GPU/0-c1000 (3/16.0/SYS) CPU/0-0 (1/24.0/PHB) CPU/0-1 (2/16.0/SYS) 
g2:3470190:3470305 [1] NCCL INFO Setting affinity for GPU 1 to ffffffff,00000000,ffffffff
g2:3470190:3470310 [6] NCCL INFO GPU/0-22000 :GPU/0-1000 (2/24.0/PHB) GPU/0-22000 (0/5000.0/LOC) GPU/0-41000 (2/24.0/PHB) GPU/0-61000 (2/24.0/PHB) GPU/0-81000 (3/16.0/SYS) GPU/0-a1000 (3/16.0/SYS) GPU/0-c1000 (3/16.0/SYS) CPU/0-0 (1/24.0/PHB) CPU/0-1 (2/16.0/SYS) 
g2:3470190:3470310 [6] NCCL INFO GPU/0-41000 :GPU/0-1000 (2/24.0/PHB) GPU/0-22000 (2/24.0/PHB) GPU/0-41000 (0/5000.0/LOC) GPU/0-61000 (2/24.0/PHB) GPU/0-81000 (3/16.0/SYS) GPU/0-a1000 (3/16.0/SYS) GPU/0-c1000 (3/16.0/SYS) CPU/0-0 (1/24.0/PHB) CPU/0-1 (2/16.0/SYS) 
g2:3470190:3470309 [5] NCCL INFO === System : maxBw 24.0 totalBw 24.0 ===
g2:3470190:3470310 [6] NCCL INFO GPU/0-61000 :GPU/0-1000 (2/24.0/PHB) GPU/0-22000 (2/24.0/PHB) GPU/0-41000 (2/24.0/PHB) GPU/0-61000 (0/5000.0/LOC) GPU/0-81000 (3/16.0/SYS) GPU/0-a1000 (3/16.0/SYS) GPU/0-c1000 (3/16.0/SYS) CPU/0-0 (1/24.0/PHB) CPU/0-1 (2/16.0/SYS) 
g2:3470190:3470309 [5] NCCL INFO CPU/0-0 (1/2/-1)
g2:3470190:3470306 [2] NCCL INFO === System : maxBw 24.0 totalBw 24.0 ===
g2:3470190:3470309 [5] NCCL INFO + PCI[5000.0] - NIC/0-0
g2:3470190:3470310 [6] NCCL INFO GPU/0-81000 :GPU/0-1000 (3/16.0/SYS) GPU/0-22000 (3/16.0/SYS) GPU/0-41000 (3/16.0/SYS) GPU/0-61000 (3/16.0/SYS) GPU/0-81000 (0/5000.0/LOC) GPU/0-a1000 (2/24.0/PHB) GPU/0-c1000 (2/24.0/PHB) CPU/0-0 (2/16.0/SYS) CPU/0-1 (1/24.0/PHB) 
g2:3470190:3470309 [5] NCCL INFO + PCI[24.0] - GPU/0-1000 (0)
g2:3470190:3470306 [2] NCCL INFO CPU/0-0 (1/2/-1)
g2:3470190:3470309 [5] NCCL INFO + PCI[24.0] - GPU/0-22000 (1)
g2:3470190:3470309 [5] NCCL INFO + PCI[24.0] - GPU/0-41000 (2)
g2:3470190:3470306 [2] NCCL INFO + PCI[5000.0] - NIC/0-0
g2:3470190:3470310 [6] NCCL INFO GPU/0-a1000 :GPU/0-1000 (3/16.0/SYS) GPU/0-22000 (3/16.0/SYS) GPU/0-41000 (3/16.0/SYS) GPU/0-61000 (3/16.0/SYS) GPU/0-81000 (2/24.0/PHB) GPU/0-a1000 (0/5000.0/LOC) GPU/0-c1000 (2/24.0/PHB) CPU/0-0 (2/16.0/SYS) CPU/0-1 (1/24.0/PHB) 
g2:3470190:3470309 [5] NCCL INFO + PCI[24.0] - GPU/0-61000 (3)
g2:3470190:3470306 [2] NCCL INFO + PCI[24.0] - GPU/0-1000 (0)
g2:3470190:3470309 [5] NCCL INFO + SYS[16.0] - CPU/0-1
g2:3470190:3470309 [5] NCCL INFO CPU/0-1 (1/2/-1)
g2:3470190:3470306 [2] NCCL INFO + PCI[24.0] - GPU/0-22000 (1)
g2:3470190:3470309 [5] NCCL INFO + PCI[24.0] - GPU/0-81000 (4)
g2:3470190:3470306 [2] NCCL INFO + PCI[24.0] - GPU/0-41000 (2)
g2:3470190:3470310 [6] NCCL INFO GPU/0-c1000 :GPU/0-1000 (3/16.0/SYS) GPU/0-22000 (3/16.0/SYS) GPU/0-41000 (3/16.0/SYS) GPU/0-61000 (3/16.0/SYS) GPU/0-81000 (2/24.0/PHB) GPU/0-a1000 (2/24.0/PHB) GPU/0-c1000 (0/5000.0/LOC) CPU/0-0 (2/16.0/SYS) CPU/0-1 (1/24.0/PHB) 
g2:3470190:3470309 [5] NCCL INFO + PCI[24.0] - GPU/0-a1000 (5)
g2:3470190:3470306 [2] NCCL INFO + PCI[24.0] - GPU/0-61000 (3)
g2:3470190:3470309 [5] NCCL INFO + PCI[24.0] - GPU/0-c1000 (6)
g2:3470190:3470306 [2] NCCL INFO + SYS[16.0] - CPU/0-1
g2:3470190:3470309 [5] NCCL INFO + SYS[16.0] - CPU/0-0
g2:3470190:3470310 [6] NCCL INFO Setting affinity for GPU 6 to ffffffff,00000000,ffffffff,00000000
g2:3470190:3470306 [2] NCCL INFO CPU/0-1 (1/2/-1)
g2:3470190:3470309 [5] NCCL INFO + PCI[3.0] - NIC/0-c2000
g2:3470190:3470306 [2] NCCL INFO + PCI[24.0] - GPU/0-81000 (4)
g2:3470190:3470309 [5] NCCL INFO ==========================================
g2:3470190:3470306 [2] NCCL INFO + PCI[24.0] - GPU/0-a1000 (5)
g2:3470190:3470306 [2] NCCL INFO + PCI[24.0] - GPU/0-c1000 (6)
g2:3470190:3470306 [2] NCCL INFO + SYS[16.0] - CPU/0-0
g2:3470190:3470306 [2] NCCL INFO + PCI[3.0] - NIC/0-c2000
g2:3470190:3470306 [2] NCCL INFO ==========================================
g2:3470190:3470309 [5] NCCL INFO GPU/0-1000 :GPU/0-1000 (0/5000.0/LOC) GPU/0-22000 (2/24.0/PHB) GPU/0-41000 (2/24.0/PHB) GPU/0-61000 (2/24.0/PHB) GPU/0-81000 (3/16.0/SYS) GPU/0-a1000 (3/16.0/SYS) GPU/0-c1000 (3/16.0/SYS) CPU/0-0 (1/24.0/PHB) CPU/0-1 (2/16.0/SYS) 
g2:3470190:3470306 [2] NCCL INFO GPU/0-1000 :GPU/0-1000 (0/5000.0/LOC) GPU/0-22000 (2/24.0/PHB) GPU/0-41000 (2/24.0/PHB) GPU/0-61000 (2/24.0/PHB) GPU/0-81000 (3/16.0/SYS) GPU/0-a1000 (3/16.0/SYS) GPU/0-c1000 (3/16.0/SYS) CPU/0-0 (1/24.0/PHB) CPU/0-1 (2/16.0/SYS) 
g2:3470190:3470309 [5] NCCL INFO GPU/0-22000 :GPU/0-1000 (2/24.0/PHB) GPU/0-22000 (0/5000.0/LOC) GPU/0-41000 (2/24.0/PHB) GPU/0-61000 (2/24.0/PHB) GPU/0-81000 (3/16.0/SYS) GPU/0-a1000 (3/16.0/SYS) GPU/0-c1000 (3/16.0/SYS) CPU/0-0 (1/24.0/PHB) CPU/0-1 (2/16.0/SYS) 
g2:3470190:3470306 [2] NCCL INFO GPU/0-22000 :GPU/0-1000 (2/24.0/PHB) GPU/0-22000 (0/5000.0/LOC) GPU/0-41000 (2/24.0/PHB) GPU/0-61000 (2/24.0/PHB) GPU/0-81000 (3/16.0/SYS) GPU/0-a1000 (3/16.0/SYS) GPU/0-c1000 (3/16.0/SYS) CPU/0-0 (1/24.0/PHB) CPU/0-1 (2/16.0/SYS) 
g2:3470190:3470309 [5] NCCL INFO GPU/0-41000 :GPU/0-1000 (2/24.0/PHB) GPU/0-22000 (2/24.0/PHB) GPU/0-41000 (0/5000.0/LOC) GPU/0-61000 (2/24.0/PHB) GPU/0-81000 (3/16.0/SYS) GPU/0-a1000 (3/16.0/SYS) GPU/0-c1000 (3/16.0/SYS) CPU/0-0 (1/24.0/PHB) CPU/0-1 (2/16.0/SYS) 
g2:3470190:3470306 [2] NCCL INFO GPU/0-41000 :GPU/0-1000 (2/24.0/PHB) GPU/0-22000 (2/24.0/PHB) GPU/0-41000 (0/5000.0/LOC) GPU/0-61000 (2/24.0/PHB) GPU/0-81000 (3/16.0/SYS) GPU/0-a1000 (3/16.0/SYS) GPU/0-c1000 (3/16.0/SYS) CPU/0-0 (1/24.0/PHB) CPU/0-1 (2/16.0/SYS) 
g2:3470190:3470309 [5] NCCL INFO GPU/0-61000 :GPU/0-1000 (2/24.0/PHB) GPU/0-22000 (2/24.0/PHB) GPU/0-41000 (2/24.0/PHB) GPU/0-61000 (0/5000.0/LOC) GPU/0-81000 (3/16.0/SYS) GPU/0-a1000 (3/16.0/SYS) GPU/0-c1000 (3/16.0/SYS) CPU/0-0 (1/24.0/PHB) CPU/0-1 (2/16.0/SYS) 
g2:3470190:3470306 [2] NCCL INFO GPU/0-61000 :GPU/0-1000 (2/24.0/PHB) GPU/0-22000 (2/24.0/PHB) GPU/0-41000 (2/24.0/PHB) GPU/0-61000 (0/5000.0/LOC) GPU/0-81000 (3/16.0/SYS) GPU/0-a1000 (3/16.0/SYS) GPU/0-c1000 (3/16.0/SYS) CPU/0-0 (1/24.0/PHB) CPU/0-1 (2/16.0/SYS) 
g2:3470190:3470309 [5] NCCL INFO GPU/0-81000 :GPU/0-1000 (3/16.0/SYS) GPU/0-22000 (3/16.0/SYS) GPU/0-41000 (3/16.0/SYS) GPU/0-61000 (3/16.0/SYS) GPU/0-81000 (0/5000.0/LOC) GPU/0-a1000 (2/24.0/PHB) GPU/0-c1000 (2/24.0/PHB) CPU/0-0 (2/16.0/SYS) CPU/0-1 (1/24.0/PHB) 
g2:3470190:3470306 [2] NCCL INFO GPU/0-81000 :GPU/0-1000 (3/16.0/SYS) GPU/0-22000 (3/16.0/SYS) GPU/0-41000 (3/16.0/SYS) GPU/0-61000 (3/16.0/SYS) GPU/0-81000 (0/5000.0/LOC) GPU/0-a1000 (2/24.0/PHB) GPU/0-c1000 (2/24.0/PHB) CPU/0-0 (2/16.0/SYS) CPU/0-1 (1/24.0/PHB) 
g2:3470190:3470309 [5] NCCL INFO GPU/0-a1000 :GPU/0-1000 (3/16.0/SYS) GPU/0-22000 (3/16.0/SYS) GPU/0-41000 (3/16.0/SYS) GPU/0-61000 (3/16.0/SYS) GPU/0-81000 (2/24.0/PHB) GPU/0-a1000 (0/5000.0/LOC) GPU/0-c1000 (2/24.0/PHB) CPU/0-0 (2/16.0/SYS) CPU/0-1 (1/24.0/PHB) 
g2:3470190:3470306 [2] NCCL INFO GPU/0-a1000 :GPU/0-1000 (3/16.0/SYS) GPU/0-22000 (3/16.0/SYS) GPU/0-41000 (3/16.0/SYS) GPU/0-61000 (3/16.0/SYS) GPU/0-81000 (2/24.0/PHB) GPU/0-a1000 (0/5000.0/LOC) GPU/0-c1000 (2/24.0/PHB) CPU/0-0 (2/16.0/SYS) CPU/0-1 (1/24.0/PHB) 
g2:3470190:3470309 [5] NCCL INFO GPU/0-c1000 :GPU/0-1000 (3/16.0/SYS) GPU/0-22000 (3/16.0/SYS) GPU/0-41000 (3/16.0/SYS) GPU/0-61000 (3/16.0/SYS) GPU/0-81000 (2/24.0/PHB) GPU/0-a1000 (2/24.0/PHB) GPU/0-c1000 (0/5000.0/LOC) CPU/0-0 (2/16.0/SYS) CPU/0-1 (1/24.0/PHB) 
g2:3470190:3470306 [2] NCCL INFO GPU/0-c1000 :GPU/0-1000 (3/16.0/SYS) GPU/0-22000 (3/16.0/SYS) GPU/0-41000 (3/16.0/SYS) GPU/0-61000 (3/16.0/SYS) GPU/0-81000 (2/24.0/PHB) GPU/0-a1000 (2/24.0/PHB) GPU/0-c1000 (0/5000.0/LOC) CPU/0-0 (2/16.0/SYS) CPU/0-1 (1/24.0/PHB) 
g2:3470190:3470309 [5] NCCL INFO Setting affinity for GPU 5 to ffffffff,00000000,ffffffff,00000000
g2:3470190:3470306 [2] NCCL INFO Setting affinity for GPU 2 to ffffffff,00000000,ffffffff
g2:3470190:3470304 [0] NCCL INFO === System : maxBw 24.0 totalBw 24.0 ===
g2:3470190:3470304 [0] NCCL INFO CPU/0-0 (1/2/-1)
g2:3470190:3470304 [0] NCCL INFO + PCI[5000.0] - NIC/0-0
g2:3470190:3470304 [0] NCCL INFO + PCI[24.0] - GPU/0-1000 (0)
g2:3470190:3470304 [0] NCCL INFO + PCI[24.0] - GPU/0-22000 (1)
g2:3470190:3470304 [0] NCCL INFO + PCI[24.0] - GPU/0-41000 (2)
g2:3470190:3470304 [0] NCCL INFO + PCI[24.0] - GPU/0-61000 (3)
g2:3470190:3470304 [0] NCCL INFO + SYS[16.0] - CPU/0-1
g2:3470190:3470304 [0] NCCL INFO CPU/0-1 (1/2/-1)
g2:3470190:3470304 [0] NCCL INFO + PCI[24.0] - GPU/0-81000 (4)
g2:3470190:3470304 [0] NCCL INFO + PCI[24.0] - GPU/0-a1000 (5)
g2:3470190:3470304 [0] NCCL INFO + PCI[24.0] - GPU/0-c1000 (6)
g2:3470190:3470304 [0] NCCL INFO + SYS[16.0] - CPU/0-0
g2:3470190:3470304 [0] NCCL INFO + PCI[3.0] - NIC/0-c2000
g2:3470190:3470304 [0] NCCL INFO ==========================================
g2:3470190:3470304 [0] NCCL INFO GPU/0-1000 :GPU/0-1000 (0/5000.0/LOC) GPU/0-22000 (2/24.0/PHB) GPU/0-41000 (2/24.0/PHB) GPU/0-61000 (2/24.0/PHB) GPU/0-81000 (3/16.0/SYS) GPU/0-a1000 (3/16.0/SYS) GPU/0-c1000 (3/16.0/SYS) CPU/0-0 (1/24.0/PHB) CPU/0-1 (2/16.0/SYS) 
g2:3470190:3470310 [6] NCCL INFO Pattern 4, crossNic 0, nChannels 1, bw 15.000000/15.000000, type SYS/PIX, sameChannels 1
g2:3470190:3470310 [6] NCCL INFO  0 : GPU/0 GPU/1 GPU/2 GPU/3 GPU/4 GPU/5 GPU/6
g2:3470190:3470304 [0] NCCL INFO GPU/0-22000 :GPU/0-1000 (2/24.0/PHB) GPU/0-22000 (0/5000.0/LOC) GPU/0-41000 (2/24.0/PHB) GPU/0-61000 (2/24.0/PHB) GPU/0-81000 (3/16.0/SYS) GPU/0-a1000 (3/16.0/SYS) GPU/0-c1000 (3/16.0/SYS) CPU/0-0 (1/24.0/PHB) CPU/0-1 (2/16.0/SYS) 
g2:3470190:3470304 [0] NCCL INFO GPU/0-41000 :GPU/0-1000 (2/24.0/PHB) GPU/0-22000 (2/24.0/PHB) GPU/0-41000 (0/5000.0/LOC) GPU/0-61000 (2/24.0/PHB) GPU/0-81000 (3/16.0/SYS) GPU/0-a1000 (3/16.0/SYS) GPU/0-c1000 (3/16.0/SYS) CPU/0-0 (1/24.0/PHB) CPU/0-1 (2/16.0/SYS) 
g2:3470190:3470304 [0] NCCL INFO GPU/0-61000 :GPU/0-1000 (2/24.0/PHB) GPU/0-22000 (2/24.0/PHB) GPU/0-41000 (2/24.0/PHB) GPU/0-61000 (0/5000.0/LOC) GPU/0-81000 (3/16.0/SYS) GPU/0-a1000 (3/16.0/SYS) GPU/0-c1000 (3/16.0/SYS) CPU/0-0 (1/24.0/PHB) CPU/0-1 (2/16.0/SYS) 
g2:3470190:3470304 [0] NCCL INFO GPU/0-81000 :GPU/0-1000 (3/16.0/SYS) GPU/0-22000 (3/16.0/SYS) GPU/0-41000 (3/16.0/SYS) GPU/0-61000 (3/16.0/SYS) GPU/0-81000 (0/5000.0/LOC) GPU/0-a1000 (2/24.0/PHB) GPU/0-c1000 (2/24.0/PHB) CPU/0-0 (2/16.0/SYS) CPU/0-1 (1/24.0/PHB) 
g2:3470190:3470304 [0] NCCL INFO GPU/0-a1000 :GPU/0-1000 (3/16.0/SYS) GPU/0-22000 (3/16.0/SYS) GPU/0-41000 (3/16.0/SYS) GPU/0-61000 (3/16.0/SYS) GPU/0-81000 (2/24.0/PHB) GPU/0-a1000 (0/5000.0/LOC) GPU/0-c1000 (2/24.0/PHB) CPU/0-0 (2/16.0/SYS) CPU/0-1 (1/24.0/PHB) 
g2:3470190:3470304 [0] NCCL INFO GPU/0-c1000 :GPU/0-1000 (3/16.0/SYS) GPU/0-22000 (3/16.0/SYS) GPU/0-41000 (3/16.0/SYS) GPU/0-61000 (3/16.0/SYS) GPU/0-81000 (2/24.0/PHB) GPU/0-a1000 (2/24.0/PHB) GPU/0-c1000 (0/5000.0/LOC) CPU/0-0 (2/16.0/SYS) CPU/0-1 (1/24.0/PHB) 
g2:3470190:3470304 [0] NCCL INFO Setting affinity for GPU 0 to ffffffff,00000000,ffffffff
g2:3470190:3470309 [5] NCCL INFO Pattern 4, crossNic 0, nChannels 1, bw 15.000000/15.000000, type SYS/PIX, sameChannels 1
g2:3470190:3470309 [5] NCCL INFO  0 : GPU/0 GPU/1 GPU/2 GPU/3 GPU/4 GPU/5 GPU/6
g2:3470190:3470308 [4] NCCL INFO Pattern 4, crossNic 0, nChannels 1, bw 15.000000/15.000000, type SYS/PIX, sameChannels 1
g2:3470190:3470308 [4] NCCL INFO  0 : GPU/0 GPU/1 GPU/2 GPU/3 GPU/4 GPU/5 GPU/6
g2:3470190:3470307 [3] NCCL INFO Pattern 4, crossNic 0, nChannels 1, bw 15.000000/15.000000, type SYS/PIX, sameChannels 1
g2:3470190:3470307 [3] NCCL INFO  0 : GPU/0 GPU/1 GPU/2 GPU/3 GPU/4 GPU/5 GPU/6
g2:3470190:3470310 [6] NCCL INFO Pattern 1, crossNic 0, nChannels 1, bw 15.000000/15.000000, type SYS/PIX, sameChannels 1
g2:3470190:3470310 [6] NCCL INFO  0 : GPU/0 GPU/1 GPU/2 GPU/3 GPU/4 GPU/5 GPU/6
g2:3470190:3470309 [5] NCCL INFO Pattern 1, crossNic 0, nChannels 1, bw 15.000000/15.000000, type SYS/PIX, sameChannels 1
g2:3470190:3470309 [5] NCCL INFO  0 : GPU/0 GPU/1 GPU/2 GPU/3 GPU/4 GPU/5 GPU/6
g2:3470190:3470308 [4] NCCL INFO Pattern 1, crossNic 0, nChannels 1, bw 15.000000/15.000000, type SYS/PIX, sameChannels 1
g2:3470190:3470308 [4] NCCL INFO  0 : GPU/0 GPU/1 GPU/2 GPU/3 GPU/4 GPU/5 GPU/6
g2:3470190:3470307 [3] NCCL INFO Pattern 1, crossNic 0, nChannels 1, bw 15.000000/15.000000, type SYS/PIX, sameChannels 1
g2:3470190:3470307 [3] NCCL INFO  0 : GPU/0 GPU/1 GPU/2 GPU/3 GPU/4 GPU/5 GPU/6
g2:3470190:3470305 [1] NCCL INFO Pattern 4, crossNic 0, nChannels 1, bw 15.000000/15.000000, type SYS/PIX, sameChannels 1
g2:3470190:3470305 [1] NCCL INFO  0 : GPU/0 GPU/1 GPU/2 GPU/3 GPU/4 GPU/5 GPU/6
g2:3470190:3470306 [2] NCCL INFO Pattern 4, crossNic 0, nChannels 1, bw 15.000000/15.000000, type SYS/PIX, sameChannels 1
g2:3470190:3470306 [2] NCCL INFO  0 : GPU/0 GPU/1 GPU/2 GPU/3 GPU/4 GPU/5 GPU/6
g2:3470190:3470305 [1] NCCL INFO Pattern 1, crossNic 0, nChannels 1, bw 15.000000/15.000000, type SYS/PIX, sameChannels 1
g2:3470190:3470305 [1] NCCL INFO  0 : GPU/0 GPU/1 GPU/2 GPU/3 GPU/4 GPU/5 GPU/6
g2:3470190:3470306 [2] NCCL INFO Pattern 1, crossNic 0, nChannels 1, bw 15.000000/15.000000, type SYS/PIX, sameChannels 1
g2:3470190:3470306 [2] NCCL INFO  0 : GPU/0 GPU/1 GPU/2 GPU/3 GPU/4 GPU/5 GPU/6
g2:3470190:3470304 [0] NCCL INFO Pattern 4, crossNic 0, nChannels 1, bw 15.000000/15.000000, type SYS/PIX, sameChannels 1
g2:3470190:3470304 [0] NCCL INFO  0 : GPU/0 GPU/1 GPU/2 GPU/3 GPU/4 GPU/5 GPU/6
g2:3470190:3470304 [0] NCCL INFO Pattern 1, crossNic 0, nChannels 1, bw 15.000000/15.000000, type SYS/PIX, sameChannels 1
g2:3470190:3470304 [0] NCCL INFO  0 : GPU/0 GPU/1 GPU/2 GPU/3 GPU/4 GPU/5 GPU/6
g2:3470190:3470310 [6] NCCL INFO comm 0x55bb64b9e330 rank 6 nRanks 7 nNodes 1 localRanks 7 localRank 6 MNNVL 0
g2:3470190:3470309 [5] NCCL INFO comm 0x55bb6161ae50 rank 5 nRanks 7 nNodes 1 localRanks 7 localRank 5 MNNVL 0
g2:3470190:3470308 [4] NCCL INFO comm 0x55bb5e097a70 rank 4 nRanks 7 nNodes 1 localRanks 7 localRank 4 MNNVL 0
g2:3470190:3470307 [3] NCCL INFO comm 0x55bb5ab144e0 rank 3 nRanks 7 nNodes 1 localRanks 7 localRank 3 MNNVL 0
g2:3470190:3470306 [2] NCCL INFO comm 0x55bb5757d000 rank 2 nRanks 7 nNodes 1 localRanks 7 localRank 2 MNNVL 0
g2:3470190:3470310 [6] NCCL INFO Ring 00 : 5 -> 6 -> 0
g2:3470190:3470305 [1] NCCL INFO comm 0x55bb53ff9840 rank 1 nRanks 7 nNodes 1 localRanks 7 localRank 1 MNNVL 0
g2:3470190:3470309 [5] NCCL INFO Ring 00 : 4 -> 5 -> 6
g2:3470190:3470310 [6] NCCL INFO Ring 01 : 5 -> 6 -> 0
g2:3470190:3470304 [0] NCCL INFO comm 0x55bb50a6bcb0 rank 0 nRanks 7 nNodes 1 localRanks 7 localRank 0 MNNVL 0
g2:3470190:3470309 [5] NCCL INFO Ring 01 : 4 -> 5 -> 6
g2:3470190:3470309 [5] NCCL INFO Trees [0] 6/-1/-1->5->4 [1] 6/-1/-1->5->4
g2:3470190:3470308 [4] NCCL INFO Ring 00 : 3 -> 4 -> 5
g2:3470190:3470305 [1] NCCL INFO Tree 0 : 0 -> 1 -> 2/-1/-1
g2:3470190:3470308 [4] NCCL INFO Ring 01 : 3 -> 4 -> 5
g2:3470190:3470307 [3] NCCL INFO Ring 00 : 2 -> 3 -> 4
g2:3470190:3470309 [5] NCCL INFO P2P Chunksize set to 131072
g2:3470190:3470308 [4] NCCL INFO Trees [0] 5/-1/-1->4->3 [1] 5/-1/-1->4->3
g2:3470190:3470306 [2] NCCL INFO Ring 00 : 1 -> 2 -> 3
g2:3470190:3470307 [3] NCCL INFO Ring 01 : 2 -> 3 -> 4
g2:3470190:3470306 [2] NCCL INFO Ring 01 : 1 -> 2 -> 3
g2:3470190:3470304 [0] NCCL INFO Tree 0 : -1 -> 0 -> 1/-1/-1
g2:3470190:3470304 [0] NCCL INFO Tree 1 : -1 -> 0 -> 1/-1/-1
g2:3470190:3470306 [2] NCCL INFO Trees [0] 3/-1/-1->2->1 [1] 3/-1/-1->2->1
g2:3470190:3470307 [3] NCCL INFO Trees [0] 4/-1/-1->3->2 [1] 4/-1/-1->3->2
g2:3470190:3470305 [1] NCCL INFO Tree 1 : 0 -> 1 -> 2/-1/-1
g2:3470190:3470310 [6] NCCL INFO Trees [0] -1/-1/-1->6->5 [1] -1/-1/-1->6->5
g2:3470190:3470304 [0] NCCL INFO Channel 00/02 : 0 1 2 3 4 5 6
g2:3470190:3470307 [3] NCCL INFO P2P Chunksize set to 131072
g2:3470190:3470304 [0] NCCL INFO Channel 01/02 : 0 1 2 3 4 5 6
g2:3470190:3470305 [1] NCCL INFO Ring 00 : 0 -> 1 -> 2
g2:3470190:3470308 [4] NCCL INFO P2P Chunksize set to 131072
g2:3470190:3470305 [1] NCCL INFO Ring 01 : 0 -> 1 -> 2
g2:3470190:3470304 [0] NCCL INFO Ring 00 : 6 -> 0 -> 1
g2:3470190:3470310 [6] NCCL INFO P2P Chunksize set to 131072
g2:3470190:3470305 [1] NCCL INFO Trees [0] 2/-1/-1->1->0 [1] 2/-1/-1->1->0
g2:3470190:3470304 [0] NCCL INFO Ring 01 : 6 -> 0 -> 1
g2:3470190:3470304 [0] NCCL INFO Trees [0] 1/-1/-1->0->-1 [1] 1/-1/-1->0->-1
g2:3470190:3470305 [1] NCCL INFO P2P Chunksize set to 131072
g2:3470190:3470304 [0] NCCL INFO P2P Chunksize set to 131072
g2:3470190:3470306 [2] NCCL INFO P2P Chunksize set to 131072
g2:3470190:3470315 [5] NCCL INFO [Proxy Service] Device 5 CPU core 119
g2:3470190:3470321 [4] NCCL INFO [Proxy Service] Device 4 CPU core 34
g2:3470190:3470318 [1] NCCL INFO [Proxy Service] Device 1 CPU core 84
g2:3470190:3470322 [3] NCCL INFO [Proxy Service] Device 3 CPU core 69
g2:3470190:3470320 [6] NCCL INFO [Proxy Service] Device 6 CPU core 125
g2:3470190:3470324 [3] NCCL INFO [Proxy Service UDS] Device 3 CPU core 18
g2:3470190:3470319 [2] NCCL INFO [Proxy Service] Device 2 CPU core 76
g2:3470190:3470325 [1] NCCL INFO [Proxy Service UDS] Device 1 CPU core 93
g2:3470190:3470317 [0] NCCL INFO [Proxy Service] Device 0 CPU core 89
g2:3470190:3470316 [5] NCCL INFO [Proxy Service UDS] Device 5 CPU core 122
g2:3470190:3470326 [0] NCCL INFO [Proxy Service UDS] Device 0 CPU core 65
g2:3470190:3470323 [4] NCCL INFO [Proxy Service UDS] Device 4 CPU core 102
g2:3470190:3470327 [6] NCCL INFO [Proxy Service UDS] Device 6 CPU core 123
g2:3470190:3470328 [2] NCCL INFO [Proxy Service UDS] Device 2 CPU core 90
g2:3470190:3470309 [5] NCCL INFO Channel 00 : 5[5] -> 6[6] via SHM/direct/direct
g2:3470190:3470306 [2] NCCL INFO Channel 00 : 2[2] -> 3[3] via SHM/direct/direct
g2:3470190:3470308 [4] NCCL INFO Channel 00 : 4[4] -> 5[5] via SHM/direct/direct
g2:3470190:3470310 [6] NCCL INFO Channel 00 : 6[6] -> 0[0] via SHM/direct/direct
g2:3470190:3470304 [0] NCCL INFO Channel 00 : 0[0] -> 1[1] via SHM/direct/direct
g2:3470190:3470307 [3] NCCL INFO Channel 00 : 3[3] -> 4[4] via SHM/direct/direct
g2:3470190:3470305 [1] NCCL INFO Channel 00 : 1[1] -> 2[2] via SHM/direct/direct
g2:3470190:3470309 [5] NCCL INFO Channel 01 : 5[5] -> 6[6] via SHM/direct/direct
g2:3470190:3470306 [2] NCCL INFO Channel 01 : 2[2] -> 3[3] via SHM/direct/direct
g2:3470190:3470308 [4] NCCL INFO Channel 01 : 4[4] -> 5[5] via SHM/direct/direct
g2:3470190:3470310 [6] NCCL INFO Channel 01 : 6[6] -> 0[0] via SHM/direct/direct
g2:3470190:3470304 [0] NCCL INFO Channel 01 : 0[0] -> 1[1] via SHM/direct/direct
g2:3470190:3470307 [3] NCCL INFO Channel 01 : 3[3] -> 4[4] via SHM/direct/direct
g2:3470190:3470305 [1] NCCL INFO Channel 01 : 1[1] -> 2[2] via SHM/direct/direct
g2:3470190:3470309 [5] NCCL INFO Connected all rings
g2:3470190:3470308 [4] NCCL INFO Connected all rings
g2:3470190:3470310 [6] NCCL INFO Connected all rings
g2:3470190:3470307 [3] NCCL INFO Connected all rings
g2:3470190:3470306 [2] NCCL INFO Connected all rings
g2:3470190:3470304 [0] NCCL INFO Connected all rings
g2:3470190:3470305 [1] NCCL INFO Connected all rings
g2:3470190:3470310 [6] NCCL INFO Channel 00 : 6[6] -> 5[5] via SHM/direct/direct
g2:3470190:3470310 [6] NCCL INFO Channel 01 : 6[6] -> 5[5] via SHM/direct/direct
g2:3470190:3470309 [5] NCCL INFO Channel 00 : 5[5] -> 4[4] via SHM/direct/direct
g2:3470190:3470308 [4] NCCL INFO Channel 00 : 4[4] -> 3[3] via SHM/direct/direct
g2:3470190:3470307 [3] NCCL INFO Channel 00 : 3[3] -> 2[2] via SHM/direct/direct
g2:3470190:3470305 [1] NCCL INFO Channel 00 : 1[1] -> 0[0] via SHM/direct/direct
g2:3470190:3470306 [2] NCCL INFO Channel 00 : 2[2] -> 1[1] via SHM/direct/direct
g2:3470190:3470309 [5] NCCL INFO Channel 01 : 5[5] -> 4[4] via SHM/direct/direct
g2:3470190:3470308 [4] NCCL INFO Channel 01 : 4[4] -> 3[3] via SHM/direct/direct
g2:3470190:3470307 [3] NCCL INFO Channel 01 : 3[3] -> 2[2] via SHM/direct/direct
g2:3470190:3470305 [1] NCCL INFO Channel 01 : 1[1] -> 0[0] via SHM/direct/direct
g2:3470190:3470306 [2] NCCL INFO Channel 01 : 2[2] -> 1[1] via SHM/direct/direct
g2:3470190:3470310 [6] NCCL INFO Connected all trees
g2:3470190:3470309 [5] NCCL INFO Connected all trees
g2:3470190:3470308 [4] NCCL INFO Connected all trees
g2:3470190:3470304 [0] NCCL INFO Connected all trees
g2:3470190:3470305 [1] NCCL INFO Connected all trees
g2:3470190:3470306 [2] NCCL INFO Connected all trees
g2:3470190:3470307 [3] NCCL INFO Connected all trees
g2:3470190:3470346 [6] NCCL INFO [Proxy Progress] Device 6 CPU core 57
g2:3470190:3470310 [6] NCCL INFO threadThresholds 8/8/64 | 56/8/64 | 512 | 512
g2:3470190:3470310 [6] NCCL INFO 2 coll channels, 2 collnet channels, 0 nvls channels, 2 p2p channels, 2 p2p channels per peer
g2:3470190:3470347 [5] NCCL INFO [Proxy Progress] Device 5 CPU core 114
g2:3470190:3470309 [5] NCCL INFO threadThresholds 8/8/64 | 56/8/64 | 512 | 512
g2:3470190:3470309 [5] NCCL INFO 2 coll channels, 2 collnet channels, 0 nvls channels, 2 p2p channels, 2 p2p channels per peer
g2:3470190:3470348 [4] NCCL INFO [Proxy Progress] Device 4 CPU core 60
g2:3470190:3470308 [4] NCCL INFO threadThresholds 8/8/64 | 56/8/64 | 512 | 512
g2:3470190:3470308 [4] NCCL INFO 2 coll channels, 2 collnet channels, 0 nvls channels, 2 p2p channels, 2 p2p channels per peer
g2:3470190:3470304 [0] NCCL INFO threadThresholds 8/8/64 | 56/8/64 | 512 | 512
g2:3470190:3470304 [0] NCCL INFO 2 coll channels, 2 collnet channels, 0 nvls channels, 2 p2p channels, 2 p2p channels per peer
g2:3470190:3470304 [0] NCCL INFO CC Off, Multi-GPU CC Off, workFifoBytes 1048576
g2:3470190:3470350 [2] NCCL INFO [Proxy Progress] Device 2 CPU core 76
g2:3470190:3470349 [0] NCCL INFO [Proxy Progress] Device 0 CPU core 25
g2:3470190:3470351 [3] NCCL INFO [Proxy Progress] Device 3 CPU core 5
g2:3470190:3470306 [2] NCCL INFO threadThresholds 8/8/64 | 56/8/64 | 512 | 512
g2:3470190:3470306 [2] NCCL INFO 2 coll channels, 2 collnet channels, 0 nvls channels, 2 p2p channels, 2 p2p channels per peer
g2:3470190:3470307 [3] NCCL INFO threadThresholds 8/8/64 | 56/8/64 | 512 | 512
g2:3470190:3470307 [3] NCCL INFO 2 coll channels, 2 collnet channels, 0 nvls channels, 2 p2p channels, 2 p2p channels per peer
g2:3470190:3470352 [1] NCCL INFO [Proxy Progress] Device 1 CPU core 80
g2:3470190:3470305 [1] NCCL INFO threadThresholds 8/8/64 | 56/8/64 | 512 | 512
g2:3470190:3470305 [1] NCCL INFO 2 coll channels, 2 collnet channels, 0 nvls channels, 2 p2p channels, 2 p2p channels per peer
g2:3470190:3470308 [4] NCCL INFO ncclCommInitRank comm 0x55bb5e097a70 rank 4 nranks 7 cudaDev 4 nvmlDev 4 busId 81000 commId 0xa00ac3bc1cfe39ad - Init COMPLETE
g2:3470190:3470306 [2] NCCL INFO ncclCommInitRank comm 0x55bb5757d000 rank 2 nranks 7 cudaDev 2 nvmlDev 2 busId 41000 commId 0xa00ac3bc1cfe39ad - Init COMPLETE
g2:3470190:3470308 [4] NCCL INFO Init timings - ncclCommInitRank: rank 4 nranks 7 total 0.79 (kernels 0.02, alloc 0.08, bootstrap 0.00, allgathers 0.00, topo 0.04, graphs 0.00, connections 0.64, rest 0.01)
g2:3470190:3470306 [2] NCCL INFO Init timings - ncclCommInitRank: rank 2 nranks 7 total 0.79 (kernels 0.02, alloc 0.07, bootstrap 0.00, allgathers 0.00, topo 0.04, graphs 0.00, connections 0.65, rest 0.01)
g2:3470190:3470309 [5] NCCL INFO ncclCommInitRank comm 0x55bb6161ae50 rank 5 nranks 7 cudaDev 5 nvmlDev 5 busId a1000 commId 0xa00ac3bc1cfe39ad - Init COMPLETE
g2:3470190:3470307 [3] NCCL INFO ncclCommInitRank comm 0x55bb5ab144e0 rank 3 nranks 7 cudaDev 3 nvmlDev 3 busId 61000 commId 0xa00ac3bc1cfe39ad - Init COMPLETE
g2:3470190:3470305 [1] NCCL INFO ncclCommInitRank comm 0x55bb53ff9840 rank 1 nranks 7 cudaDev 1 nvmlDev 1 busId 22000 commId 0xa00ac3bc1cfe39ad - Init COMPLETE
g2:3470190:3470309 [5] NCCL INFO Init timings - ncclCommInitRank: rank 5 nranks 7 total 0.79 (kernels 0.02, alloc 0.07, bootstrap 0.00, allgathers 0.00, topo 0.04, graphs 0.00, connections 0.64, rest 0.02)
g2:3470190:3470307 [3] NCCL INFO Init timings - ncclCommInitRank: rank 3 nranks 7 total 0.79 (kernels 0.02, alloc 0.07, bootstrap 0.00, allgathers 0.00, topo 0.04, graphs 0.00, connections 0.65, rest 0.00)
g2:3470190:3470305 [1] NCCL INFO Init timings - ncclCommInitRank: rank 1 nranks 7 total 0.79 (kernels 0.01, alloc 0.08, bootstrap 0.00, allgathers 0.00, topo 0.04, graphs 0.00, connections 0.65, rest 0.00)
g2:3470190:3470304 [0] NCCL INFO ncclCommInitRank comm 0x55bb50a6bcb0 rank 0 nranks 7 cudaDev 0 nvmlDev 0 busId 1000 commId 0xa00ac3bc1cfe39ad - Init COMPLETE
g2:3470190:3470304 [0] NCCL INFO Init timings - ncclCommInitRank: rank 0 nranks 7 total 0.79 (kernels 0.00, alloc 0.09, bootstrap 0.00, allgathers 0.00, topo 0.04, graphs 0.00, connections 0.65, rest 0.01)
g2:3470190:3470310 [6] NCCL INFO ncclCommInitRank comm 0x55bb64b9e330 rank 6 nranks 7 cudaDev 6 nvmlDev 6 busId c1000 commId 0xa00ac3bc1cfe39ad - Init COMPLETE
g2:3470190:3470310 [6] NCCL INFO Init timings - ncclCommInitRank: rank 6 nranks 7 total 0.79 (kernels 0.01, alloc 0.08, bootstrap 0.00, allgathers 0.00, topo 0.04, graphs 0.00, connections 0.63, rest 0.02)
INIT TIME: 1568310 us
FIRST COMMUNICATION TIME: 48751 us (48.751 ms)
ncclAllReduce Success, sum result of rank 0: 28.000000
ncclAllReduce Success, sum result of rank 1: 28.000000
ncclAllReduce Success, sum result of rank 2: 28.000000
ncclAllReduce Success, sum result of rank 3: 28.000000
ncclAllReduce Success, sum result of rank 4: 28.000000
ncclAllReduce Success, sum result of rank 5: 28.000000
ncclAllReduce Success, sum result of rank 6: 28.000000
g2:3470190:3470190 [7] NCCL INFO Using network Socket
g2:3470190:3470190 [7] NCCL INFO ncclCommInitNewRankFunc comm 0x55bb689bf770 rank 7 nranks 8 cudaDev 7 nvmlDev 7 busId e1000 commId 0xa00ac3bc1cfe39ad - Init START

g2:3470190:3470190 [7] graph/xml.cc:375 NCCL WARN Could not open XML topology file ./nvidia-topologyd/virtualTopology-8afbf9216a995f20.xml : No such file or directory

g2:3470190:3470190 [7] graph/xml.cc:267 NCCL WARN Unable to open /var/run/nvidia-topologyd/virtualTopology.xml, not dumping topology.

g2:3470190:3470190 [7] graph/xml.cc:267 NCCL WARN Unable to open ./nvidia-topologyd/virtualTopology-8afbf9216a995f20.xml, not dumping topology.
g2:3470190:3470190 [7] NCCL INFO === System : maxBw 24.0 totalBw 24.0 ===
g2:3470190:3470190 [7] NCCL INFO CPU/0-0 (1/2/-1)
g2:3470190:3470190 [7] NCCL INFO + PCI[24.0] - GPU/0-1000 (0)
g2:3470190:3470190 [7] NCCL INFO + PCI[24.0] - GPU/0-22000 (1)
g2:3470190:3470190 [7] NCCL INFO + PCI[24.0] - GPU/0-41000 (2)
g2:3470190:3470190 [7] NCCL INFO + PCI[24.0] - GPU/0-61000 (3)
g2:3470190:3470190 [7] NCCL INFO + SYS[16.0] - CPU/0-1
g2:3470190:3470190 [7] NCCL INFO CPU/0-1 (1/2/-1)
g2:3470190:3470190 [7] NCCL INFO + PCI[24.0] - GPU/0-81000 (4)
g2:3470190:3470190 [7] NCCL INFO + PCI[24.0] - GPU/0-a1000 (5)
g2:3470190:3470190 [7] NCCL INFO + PCI[24.0] - GPU/0-c1000 (6)
g2:3470190:3470190 [7] NCCL INFO + PCI[24.0] - GPU/0-e1000 (7)
g2:3470190:3470190 [7] NCCL INFO + SYS[16.0] - CPU/0-0
g2:3470190:3470190 [7] NCCL INFO ==========================================
g2:3470190:3470190 [7] NCCL INFO GPU/0-1000 :GPU/0-1000 (0/5000.0/LOC) GPU/0-22000 (2/24.0/PHB) GPU/0-41000 (2/24.0/PHB) GPU/0-61000 (2/24.0/PHB) GPU/0-81000 (3/16.0/SYS) GPU/0-a1000 (3/16.0/SYS) GPU/0-c1000 (3/16.0/SYS) GPU/0-e1000 (3/16.0/SYS) CPU/0-0 (1/24.0/PHB) CPU/0-1 (2/16.0/SYS) 
g2:3470190:3470190 [7] NCCL INFO GPU/0-22000 :GPU/0-1000 (2/24.0/PHB) GPU/0-22000 (0/5000.0/LOC) GPU/0-41000 (2/24.0/PHB) GPU/0-61000 (2/24.0/PHB) GPU/0-81000 (3/16.0/SYS) GPU/0-a1000 (3/16.0/SYS) GPU/0-c1000 (3/16.0/SYS) GPU/0-e1000 (3/16.0/SYS) CPU/0-0 (1/24.0/PHB) CPU/0-1 (2/16.0/SYS) 
g2:3470190:3470190 [7] NCCL INFO GPU/0-41000 :GPU/0-1000 (2/24.0/PHB) GPU/0-22000 (2/24.0/PHB) GPU/0-41000 (0/5000.0/LOC) GPU/0-61000 (2/24.0/PHB) GPU/0-81000 (3/16.0/SYS) GPU/0-a1000 (3/16.0/SYS) GPU/0-c1000 (3/16.0/SYS) GPU/0-e1000 (3/16.0/SYS) CPU/0-0 (1/24.0/PHB) CPU/0-1 (2/16.0/SYS) 
g2:3470190:3470190 [7] NCCL INFO GPU/0-61000 :GPU/0-1000 (2/24.0/PHB) GPU/0-22000 (2/24.0/PHB) GPU/0-41000 (2/24.0/PHB) GPU/0-61000 (0/5000.0/LOC) GPU/0-81000 (3/16.0/SYS) GPU/0-a1000 (3/16.0/SYS) GPU/0-c1000 (3/16.0/SYS) GPU/0-e1000 (3/16.0/SYS) CPU/0-0 (1/24.0/PHB) CPU/0-1 (2/16.0/SYS) 
g2:3470190:3470190 [7] NCCL INFO GPU/0-81000 :GPU/0-1000 (3/16.0/SYS) GPU/0-22000 (3/16.0/SYS) GPU/0-41000 (3/16.0/SYS) GPU/0-61000 (3/16.0/SYS) GPU/0-81000 (0/5000.0/LOC) GPU/0-a1000 (2/24.0/PHB) GPU/0-c1000 (2/24.0/PHB) GPU/0-e1000 (2/24.0/PHB) CPU/0-0 (2/16.0/SYS) CPU/0-1 (1/24.0/PHB) 
g2:3470190:3470190 [7] NCCL INFO GPU/0-a1000 :GPU/0-1000 (3/16.0/SYS) GPU/0-22000 (3/16.0/SYS) GPU/0-41000 (3/16.0/SYS) GPU/0-61000 (3/16.0/SYS) GPU/0-81000 (2/24.0/PHB) GPU/0-a1000 (0/5000.0/LOC) GPU/0-c1000 (2/24.0/PHB) GPU/0-e1000 (2/24.0/PHB) CPU/0-0 (2/16.0/SYS) CPU/0-1 (1/24.0/PHB) 
g2:3470190:3470190 [7] NCCL INFO GPU/0-c1000 :GPU/0-1000 (3/16.0/SYS) GPU/0-22000 (3/16.0/SYS) GPU/0-41000 (3/16.0/SYS) GPU/0-61000 (3/16.0/SYS) GPU/0-81000 (2/24.0/PHB) GPU/0-a1000 (2/24.0/PHB) GPU/0-c1000 (0/5000.0/LOC) GPU/0-e1000 (2/24.0/PHB) CPU/0-0 (2/16.0/SYS) CPU/0-1 (1/24.0/PHB) 
g2:3470190:3470190 [7] NCCL INFO GPU/0-e1000 :GPU/0-1000 (3/16.0/SYS) GPU/0-22000 (3/16.0/SYS) GPU/0-41000 (3/16.0/SYS) GPU/0-61000 (3/16.0/SYS) GPU/0-81000 (2/24.0/PHB) GPU/0-a1000 (2/24.0/PHB) GPU/0-c1000 (2/24.0/PHB) GPU/0-e1000 (0/5000.0/LOC) CPU/0-0 (2/16.0/SYS) CPU/0-1 (1/24.0/PHB) 
g2:3470190:3470190 [7] NCCL INFO Setting affinity for GPU 7 to ffffffff,00000000,ffffffff,00000000
g2:3470190:3470190 [7] NCCL INFO Pattern 4, crossNic 0, nChannels 1, bw 15.000000/15.000000, type SYS/PIX, sameChannels 1
g2:3470190:3470190 [7] NCCL INFO  0 : GPU/0 GPU/1 GPU/2 GPU/3 GPU/4 GPU/5 GPU/6 GPU/7
g2:3470190:3470190 [7] NCCL INFO Pattern 1, crossNic 0, nChannels 1, bw 15.000000/15.000000, type SYS/PIX, sameChannels 1
g2:3470190:3470190 [7] NCCL INFO  0 : GPU/0 GPU/1 GPU/2 GPU/3 GPU/4 GPU/5 GPU/6 GPU/7
g2:3470190:3470190 [7] NCCL INFO comm 0x55bb689bf770 rank 7 nRanks 8 nNodes 1 localRanks 8 localRank 7 MNNVL 0
RANK: 7, Nranks: 8
g2:3470190:3470190 [7] NCCL INFO Ring 00 : 6 -> 7 -> 0
g2:3470190:3470190 [7] NCCL INFO Ring 01 : 6 -> 7 -> 0
g2:3470190:3470190 [7] NCCL INFO Trees [0] -1/-1/-1->7->6 [1] -1/-1/-1->7->6
g2:3470190:3470190 [7] NCCL INFO P2P Chunksize set to 131072
g2:3470190:3470419 [7] NCCL INFO [Proxy Service] Device 7 CPU core 119
g2:3470190:3470420 [7] NCCL INFO [Proxy Service UDS] Device 7 CPU core 59
g2:3470190:3470434 [6] NCCL INFO Channel 00 : 6[6] -> 7[7] via SHM/direct/direct
g2:3470190:3470434 [6] NCCL INFO Channel 01 : 6[6] -> 7[7] via SHM/direct/direct
g2:3470190:3470435 [7] NCCL INFO Channel 00 : 7[7] -> 0[0] via SHM/direct/direct
g2:3470190:3470435 [7] NCCL INFO Channel 01 : 7[7] -> 0[0] via SHM/direct/direct
ADD TIME: 265114 us

g2:3470190:3470190 [7] enqueue.cc:1849 NCCL WARN Warn : no algorithm/protocol available
SUBSEQUENT COMMUNICATION TIME: 7841 us (7.841 ms)
ncclAllReduce Success, sum result of rank 0: 36.000000
ncclAllReduce Success, sum result of rank 1: 36.000000
ncclAllReduce Success, sum result of rank 2: 36.000000
ncclAllReduce Success, sum result of rank 3: 36.000000
ncclAllReduce Success, sum result of rank 4: 36.000000
ncclAllReduce Success, sum result of rank 5: 36.000000
ncclAllReduce Success, sum result of rank 6: 36.000000
ncclAllReduce Success, sum result of rank 7: 36.000000
Success 
[0;32m[SUCCESS][0m è„šæœ¬æ‰§è¡Œå®Œæˆ
